---
source: tests/src/analysis.rs
expression: "build_snapshot(fixture, &src, &context)"

---
ModuleAttributes {
    type_defs: {
        "Foo": Contract(
            Contract {
                name: "Foo",
                functions: [
                    FunctionAttributes {
                        is_public: true,
                        name: "bar",
                        params: [
                            (
                                "x",
                                Base(
                                    Numeric(
                                        U128,
                                    ),
                                ),
                            ),
                            (
                                "y",
                                Base(
                                    Numeric(
                                        U128,
                                    ),
                                ),
                            ),
                        ],
                        return_type: Base(
                            Bool,
                        ),
                    },
                ],
            },
        ),
    },
}

note: 
  ┌─ features/return_lt_u128.fe:3:16
  │
3 │         return x < y
  │                ^ attributes hash: 9341420026351674595
  │
  = ExpressionAttributes {
        typ: Base(
            Numeric(
                U128,
            ),
        ),
        location: Value,
        move_location: None,
    }

note: 
  ┌─ features/return_lt_u128.fe:3:20
  │
3 │         return x < y
  │                    ^ attributes hash: 9341420026351674595
  │
  = ExpressionAttributes {
        typ: Base(
            Numeric(
                U128,
            ),
        ),
        location: Value,
        move_location: None,
    }

note: 
  ┌─ features/return_lt_u128.fe:3:16
  │
3 │         return x < y
  │                ^^^^^ attributes hash: 10866140763116710699
  │
  = ExpressionAttributes {
        typ: Base(
            Bool,
        ),
        location: Value,
        move_location: None,
    }

note: 
  ┌─ features/return_lt_u128.fe:2:5
  │  
2 │ ╭     pub def bar(x: u128, y: u128) -> bool:
3 │ │         return x < y
  │ ╰────────────────────^ attributes hash: 10676478592740150815
  │  
  = FunctionAttributes {
        is_public: true,
        name: "bar",
        params: [
            (
                "x",
                Base(
                    Numeric(
                        U128,
                    ),
                ),
            ),
            (
                "y",
                Base(
                    Numeric(
                        U128,
                    ),
                ),
            ),
        ],
        return_type: Base(
            Bool,
        ),
    }

note: 
  ┌─ features/return_lt_u128.fe:1:1
  │  
1 │ ╭ contract Foo:
2 │ │     pub def bar(x: u128, y: u128) -> bool:
3 │ │         return x < y
  │ ╰────────────────────^ attributes hash: 15891020536383467597
  │  
  = ContractAttributes {
        public_functions: [
            FunctionAttributes {
                is_public: true,
                name: "bar",
                params: [
                    (
                        "x",
                        Base(
                            Numeric(
                                U128,
                            ),
                        ),
                    ),
                    (
                        "y",
                        Base(
                            Numeric(
                                U128,
                            ),
                        ),
                    ),
                ],
                return_type: Base(
                    Bool,
                ),
            },
        ],
        init_function: None,
        events: [],
        string_literals: {},
        structs: [],
        external_contracts: [],
        created_contracts: {},
    }

note: 
  ┌─ features/return_lt_u128.fe:2:20
  │
2 │     pub def bar(x: u128, y: u128) -> bool:
  │                    ^^^^ attributes hash: 14909107886776088983
  │
  = Base(
        Numeric(
            U128,
        ),
    )

note: 
  ┌─ features/return_lt_u128.fe:2:29
  │
2 │     pub def bar(x: u128, y: u128) -> bool:
  │                             ^^^^ attributes hash: 14909107886776088983
  │
  = Base(
        Numeric(
            U128,
        ),
    )

note: 
  ┌─ features/return_lt_u128.fe:2:38
  │
2 │     pub def bar(x: u128, y: u128) -> bool:
  │                                      ^^^^ attributes hash: 8311861578736502650
  │
  = Base(
        Bool,
    )


