---
source: tests/src/analysis.rs
expression: "build_snapshot(fixture, &src, &context)"

---
ModuleAttributes {
    type_defs: {
        "Foo": Contract(
            Contract {
                name: "Foo",
                functions: [
                    FunctionAttributes {
                        is_public: true,
                        name: "bar",
                        params: [
                            (
                                "x",
                                Base(
                                    Numeric(
                                        U256,
                                    ),
                                ),
                            ),
                        ],
                        return_type: Base(
                            Numeric(
                                U256,
                            ),
                        ),
                    },
                ],
            },
        ),
    },
}

note: 
  ┌─ features/return_identity_u256.fe:3:16
  │
3 │         return x
  │                ^ attributes hash: 16797824492585953824
  │
  = ExpressionAttributes {
        typ: Base(
            Numeric(
                U256,
            ),
        ),
        location: Value,
        move_location: None,
    }

note: 
  ┌─ features/return_identity_u256.fe:2:5
  │  
2 │ ╭     pub def bar(x: u256) -> u256:
3 │ │         return x
  │ ╰────────────────^ attributes hash: 11365675085137589620
  │  
  = FunctionAttributes {
        is_public: true,
        name: "bar",
        params: [
            (
                "x",
                Base(
                    Numeric(
                        U256,
                    ),
                ),
            ),
        ],
        return_type: Base(
            Numeric(
                U256,
            ),
        ),
    }

note: 
  ┌─ features/return_identity_u256.fe:1:1
  │  
1 │ ╭ contract Foo:
2 │ │     pub def bar(x: u256) -> u256:
3 │ │         return x
  │ ╰────────────────^ attributes hash: 3861644853027175921
  │  
  = ContractAttributes {
        public_functions: [
            FunctionAttributes {
                is_public: true,
                name: "bar",
                params: [
                    (
                        "x",
                        Base(
                            Numeric(
                                U256,
                            ),
                        ),
                    ),
                ],
                return_type: Base(
                    Numeric(
                        U256,
                    ),
                ),
            },
        ],
        init_function: None,
        events: [],
        string_literals: {},
        structs: [],
        external_contracts: [],
        created_contracts: {},
    }

note: 
  ┌─ features/return_identity_u256.fe:2:20
  │
2 │     pub def bar(x: u256) -> u256:
  │                    ^^^^ attributes hash: 17942395924573474124
  │
  = Base(
        Numeric(
            U256,
        ),
    )

note: 
  ┌─ features/return_identity_u256.fe:2:29
  │
2 │     pub def bar(x: u256) -> u256:
  │                             ^^^^ attributes hash: 17942395924573474124
  │
  = Base(
        Numeric(
            U256,
        ),
    )


