---
source: tests/src/analysis.rs
expression: "build_snapshot(fixture, &src, &context)"

---
ModuleAttributes {
    type_defs: {
        "Foo": Contract(
            Contract {
                name: "Foo",
                functions: [
                    FunctionAttributes {
                        is_public: true,
                        name: "read_bar",
                        params: [
                            (
                                "a",
                                Base(
                                    Address,
                                ),
                            ),
                            (
                                "b",
                                Base(
                                    Address,
                                ),
                            ),
                        ],
                        return_type: Base(
                            Numeric(
                                U256,
                            ),
                        ),
                    },
                    FunctionAttributes {
                        is_public: true,
                        name: "read_baz",
                        params: [
                            (
                                "a",
                                Base(
                                    Address,
                                ),
                            ),
                            (
                                "b",
                                Base(
                                    Numeric(
                                        U256,
                                    ),
                                ),
                            ),
                        ],
                        return_type: Base(
                            Bool,
                        ),
                    },
                    FunctionAttributes {
                        is_public: true,
                        name: "write_bar",
                        params: [
                            (
                                "a",
                                Base(
                                    Address,
                                ),
                            ),
                            (
                                "b",
                                Base(
                                    Address,
                                ),
                            ),
                            (
                                "value",
                                Base(
                                    Numeric(
                                        U256,
                                    ),
                                ),
                            ),
                        ],
                        return_type: Base(
                            Unit,
                        ),
                    },
                    FunctionAttributes {
                        is_public: true,
                        name: "write_baz",
                        params: [
                            (
                                "a",
                                Base(
                                    Address,
                                ),
                            ),
                            (
                                "b",
                                Base(
                                    Numeric(
                                        U256,
                                    ),
                                ),
                            ),
                            (
                                "value",
                                Base(
                                    Bool,
                                ),
                            ),
                        ],
                        return_type: Base(
                            Unit,
                        ),
                    },
                ],
            },
        ),
    },
}

note: 
  ┌─ features/nested_map.fe:6:16
  │
6 │         return self.bar[a][b]
  │                ^^^^^^^^ attributes hash: 3680935976198301303
  │
  = ExpressionAttributes {
        typ: Map(
            Map {
                key: Address,
                value: Map(
                    Map {
                        key: Address,
                        value: Base(
                            Numeric(
                                U256,
                            ),
                        ),
                    },
                ),
            },
        ),
        location: Storage {
            nonce: Some(
                0,
            ),
        },
        move_location: None,
    }

note: 
  ┌─ features/nested_map.fe:6:25
  │
6 │         return self.bar[a][b]
  │                         ^ attributes hash: 513065555763557710
  │
  = ExpressionAttributes {
        typ: Base(
            Address,
        ),
        location: Value,
        move_location: None,
    }

note: 
  ┌─ features/nested_map.fe:6:16
  │
6 │         return self.bar[a][b]
  │                ^^^^^^^^^^^ attributes hash: 8054157001498380852
  │
  = ExpressionAttributes {
        typ: Map(
            Map {
                key: Address,
                value: Base(
                    Numeric(
                        U256,
                    ),
                ),
            },
        ),
        location: Storage {
            nonce: None,
        },
        move_location: None,
    }

note: 
  ┌─ features/nested_map.fe:6:28
  │
6 │         return self.bar[a][b]
  │                            ^ attributes hash: 513065555763557710
  │
  = ExpressionAttributes {
        typ: Base(
            Address,
        ),
        location: Value,
        move_location: None,
    }

note: 
  ┌─ features/nested_map.fe:6:16
  │
6 │         return self.bar[a][b]
  │                ^^^^^^^^^^^^^^ attributes hash: 9781479072077703403
  │
  = ExpressionAttributes {
        typ: Base(
            Numeric(
                U256,
            ),
        ),
        location: Storage {
            nonce: None,
        },
        move_location: Some(
            Value,
        ),
    }

note: 
  ┌─ features/nested_map.fe:9:9
  │
9 │         self.bar[a][b] = value
  │         ^^^^^^^^ attributes hash: 3680935976198301303
  │
  = ExpressionAttributes {
        typ: Map(
            Map {
                key: Address,
                value: Map(
                    Map {
                        key: Address,
                        value: Base(
                            Numeric(
                                U256,
                            ),
                        ),
                    },
                ),
            },
        ),
        location: Storage {
            nonce: Some(
                0,
            ),
        },
        move_location: None,
    }

note: 
  ┌─ features/nested_map.fe:9:18
  │
9 │         self.bar[a][b] = value
  │                  ^ attributes hash: 513065555763557710
  │
  = ExpressionAttributes {
        typ: Base(
            Address,
        ),
        location: Value,
        move_location: None,
    }

note: 
  ┌─ features/nested_map.fe:9:9
  │
9 │         self.bar[a][b] = value
  │         ^^^^^^^^^^^ attributes hash: 8054157001498380852
  │
  = ExpressionAttributes {
        typ: Map(
            Map {
                key: Address,
                value: Base(
                    Numeric(
                        U256,
                    ),
                ),
            },
        ),
        location: Storage {
            nonce: None,
        },
        move_location: None,
    }

note: 
  ┌─ features/nested_map.fe:9:21
  │
9 │         self.bar[a][b] = value
  │                     ^ attributes hash: 513065555763557710
  │
  = ExpressionAttributes {
        typ: Base(
            Address,
        ),
        location: Value,
        move_location: None,
    }

note: 
  ┌─ features/nested_map.fe:9:9
  │
9 │         self.bar[a][b] = value
  │         ^^^^^^^^^^^^^^ attributes hash: 5973407925075462624
  │
  = ExpressionAttributes {
        typ: Base(
            Numeric(
                U256,
            ),
        ),
        location: Storage {
            nonce: None,
        },
        move_location: None,
    }

note: 
  ┌─ features/nested_map.fe:9:26
  │
9 │         self.bar[a][b] = value
  │                          ^^^^^ attributes hash: 16797824492585953824
  │
  = ExpressionAttributes {
        typ: Base(
            Numeric(
                U256,
            ),
        ),
        location: Value,
        move_location: None,
    }

note: 
   ┌─ features/nested_map.fe:12:16
   │
12 │         return self.baz[a][b]
   │                ^^^^^^^^ attributes hash: 1673856998485272969
   │
   = ExpressionAttributes {
         typ: Map(
             Map {
                 key: Address,
                 value: Map(
                     Map {
                         key: Numeric(
                             U256,
                         ),
                         value: Base(
                             Bool,
                         ),
                     },
                 ),
             },
         ),
         location: Storage {
             nonce: Some(
                 1,
             ),
         },
         move_location: None,
     }

note: 
   ┌─ features/nested_map.fe:12:25
   │
12 │         return self.baz[a][b]
   │                         ^ attributes hash: 513065555763557710
   │
   = ExpressionAttributes {
         typ: Base(
             Address,
         ),
         location: Value,
         move_location: None,
     }

note: 
   ┌─ features/nested_map.fe:12:16
   │
12 │         return self.baz[a][b]
   │                ^^^^^^^^^^^ attributes hash: 329606539070095362
   │
   = ExpressionAttributes {
         typ: Map(
             Map {
                 key: Numeric(
                     U256,
                 ),
                 value: Base(
                     Bool,
                 ),
             },
         ),
         location: Storage {
             nonce: None,
         },
         move_location: None,
     }

note: 
   ┌─ features/nested_map.fe:12:28
   │
12 │         return self.baz[a][b]
   │                            ^ attributes hash: 16797824492585953824
   │
   = ExpressionAttributes {
         typ: Base(
             Numeric(
                 U256,
             ),
         ),
         location: Value,
         move_location: None,
     }

note: 
   ┌─ features/nested_map.fe:12:16
   │
12 │         return self.baz[a][b]
   │                ^^^^^^^^^^^^^^ attributes hash: 11651497198297579333
   │
   = ExpressionAttributes {
         typ: Base(
             Bool,
         ),
         location: Storage {
             nonce: None,
         },
         move_location: Some(
             Value,
         ),
     }

note: 
   ┌─ features/nested_map.fe:15:9
   │
15 │         self.baz[a][b] = value
   │         ^^^^^^^^ attributes hash: 1673856998485272969
   │
   = ExpressionAttributes {
         typ: Map(
             Map {
                 key: Address,
                 value: Map(
                     Map {
                         key: Numeric(
                             U256,
                         ),
                         value: Base(
                             Bool,
                         ),
                     },
                 ),
             },
         ),
         location: Storage {
             nonce: Some(
                 1,
             ),
         },
         move_location: None,
     }

note: 
   ┌─ features/nested_map.fe:15:18
   │
15 │         self.baz[a][b] = value
   │                  ^ attributes hash: 513065555763557710
   │
   = ExpressionAttributes {
         typ: Base(
             Address,
         ),
         location: Value,
         move_location: None,
     }

note: 
   ┌─ features/nested_map.fe:15:9
   │
15 │         self.baz[a][b] = value
   │         ^^^^^^^^^^^ attributes hash: 329606539070095362
   │
   = ExpressionAttributes {
         typ: Map(
             Map {
                 key: Numeric(
                     U256,
                 ),
                 value: Base(
                     Bool,
                 ),
             },
         ),
         location: Storage {
             nonce: None,
         },
         move_location: None,
     }

note: 
   ┌─ features/nested_map.fe:15:21
   │
15 │         self.baz[a][b] = value
   │                     ^ attributes hash: 16797824492585953824
   │
   = ExpressionAttributes {
         typ: Base(
             Numeric(
                 U256,
             ),
         ),
         location: Value,
         move_location: None,
     }

note: 
   ┌─ features/nested_map.fe:15:9
   │
15 │         self.baz[a][b] = value
   │         ^^^^^^^^^^^^^^ attributes hash: 9469535940150374692
   │
   = ExpressionAttributes {
         typ: Base(
             Bool,
         ),
         location: Storage {
             nonce: None,
         },
         move_location: None,
     }

note: 
   ┌─ features/nested_map.fe:15:26
   │
15 │         self.baz[a][b] = value
   │                          ^^^^^ attributes hash: 10866140763116710699
   │
   = ExpressionAttributes {
         typ: Base(
             Bool,
         ),
         location: Value,
         move_location: None,
     }

note: 
  ┌─ features/nested_map.fe:5:5
  │  
5 │ ╭     pub def read_bar(a: address, b: address) -> u256:
6 │ │         return self.bar[a][b]
  │ ╰─────────────────────────────^ attributes hash: 9777413049058059805
  │  
  = FunctionAttributes {
        is_public: true,
        name: "read_bar",
        params: [
            (
                "a",
                Base(
                    Address,
                ),
            ),
            (
                "b",
                Base(
                    Address,
                ),
            ),
        ],
        return_type: Base(
            Numeric(
                U256,
            ),
        ),
    }

note: 
  ┌─ features/nested_map.fe:8:5
  │  
8 │ ╭     pub def write_bar(a: address, b: address, value: u256):
9 │ │         self.bar[a][b] = value
  │ ╰──────────────────────────────^ attributes hash: 13446813489566530654
  │  
  = FunctionAttributes {
        is_public: true,
        name: "write_bar",
        params: [
            (
                "a",
                Base(
                    Address,
                ),
            ),
            (
                "b",
                Base(
                    Address,
                ),
            ),
            (
                "value",
                Base(
                    Numeric(
                        U256,
                    ),
                ),
            ),
        ],
        return_type: Base(
            Unit,
        ),
    }

note: 
   ┌─ features/nested_map.fe:11:5
   │  
11 │ ╭     pub def read_baz(a: address, b: u256) -> bool:
12 │ │         return self.baz[a][b]
   │ ╰─────────────────────────────^ attributes hash: 12790708019623037348
   │  
   = FunctionAttributes {
         is_public: true,
         name: "read_baz",
         params: [
             (
                 "a",
                 Base(
                     Address,
                 ),
             ),
             (
                 "b",
                 Base(
                     Numeric(
                         U256,
                     ),
                 ),
             ),
         ],
         return_type: Base(
             Bool,
         ),
     }

note: 
   ┌─ features/nested_map.fe:14:5
   │  
14 │ ╭     pub def write_baz(a: address, b: u256, value: bool):
15 │ │         self.baz[a][b] = value
   │ ╰──────────────────────────────^ attributes hash: 5578425926724194078
   │  
   = FunctionAttributes {
         is_public: true,
         name: "write_baz",
         params: [
             (
                 "a",
                 Base(
                     Address,
                 ),
             ),
             (
                 "b",
                 Base(
                     Numeric(
                         U256,
                     ),
                 ),
             ),
             (
                 "value",
                 Base(
                     Bool,
                 ),
             ),
         ],
         return_type: Base(
             Unit,
         ),
     }

note: 
   ┌─ features/nested_map.fe:1:1
   │  
 1 │ ╭ contract Foo:
 2 │ │     bar: Map<address, Map<address, u256>>
 3 │ │     baz: Map<address, Map<u256, bool>>
 4 │ │ 
   · │
14 │ │     pub def write_baz(a: address, b: u256, value: bool):
15 │ │         self.baz[a][b] = value
   │ ╰──────────────────────────────^ attributes hash: 13752101938961302585
   │  
   = ContractAttributes {
         public_functions: [
             FunctionAttributes {
                 is_public: true,
                 name: "read_bar",
                 params: [
                     (
                         "a",
                         Base(
                             Address,
                         ),
                     ),
                     (
                         "b",
                         Base(
                             Address,
                         ),
                     ),
                 ],
                 return_type: Base(
                     Numeric(
                         U256,
                     ),
                 ),
             },
             FunctionAttributes {
                 is_public: true,
                 name: "read_baz",
                 params: [
                     (
                         "a",
                         Base(
                             Address,
                         ),
                     ),
                     (
                         "b",
                         Base(
                             Numeric(
                                 U256,
                             ),
                         ),
                     ),
                 ],
                 return_type: Base(
                     Bool,
                 ),
             },
             FunctionAttributes {
                 is_public: true,
                 name: "write_bar",
                 params: [
                     (
                         "a",
                         Base(
                             Address,
                         ),
                     ),
                     (
                         "b",
                         Base(
                             Address,
                         ),
                     ),
                     (
                         "value",
                         Base(
                             Numeric(
                                 U256,
                             ),
                         ),
                     ),
                 ],
                 return_type: Base(
                     Unit,
                 ),
             },
             FunctionAttributes {
                 is_public: true,
                 name: "write_baz",
                 params: [
                     (
                         "a",
                         Base(
                             Address,
                         ),
                     ),
                     (
                         "b",
                         Base(
                             Numeric(
                                 U256,
                             ),
                         ),
                     ),
                     (
                         "value",
                         Base(
                             Bool,
                         ),
                     ),
                 ],
                 return_type: Base(
                     Unit,
                 ),
             },
         ],
         init_function: None,
         events: [],
         string_literals: {},
         structs: [],
         external_contracts: [],
         created_contracts: {},
     }

note: 
  ┌─ features/nested_map.fe:5:25
  │
5 │     pub def read_bar(a: address, b: address) -> u256:
  │                         ^^^^^^^ attributes hash: 574436082528610497
  │
  = Base(
        Address,
    )

note: 
  ┌─ features/nested_map.fe:5:37
  │
5 │     pub def read_bar(a: address, b: address) -> u256:
  │                                     ^^^^^^^ attributes hash: 574436082528610497
  │
  = Base(
        Address,
    )

note: 
  ┌─ features/nested_map.fe:5:49
  │
5 │     pub def read_bar(a: address, b: address) -> u256:
  │                                                 ^^^^ attributes hash: 17942395924573474124
  │
  = Base(
        Numeric(
            U256,
        ),
    )

note: 
  ┌─ features/nested_map.fe:8:26
  │
8 │     pub def write_bar(a: address, b: address, value: u256):
  │                          ^^^^^^^ attributes hash: 574436082528610497
  │
  = Base(
        Address,
    )

note: 
  ┌─ features/nested_map.fe:8:38
  │
8 │     pub def write_bar(a: address, b: address, value: u256):
  │                                      ^^^^^^^ attributes hash: 574436082528610497
  │
  = Base(
        Address,
    )

note: 
  ┌─ features/nested_map.fe:8:54
  │
8 │     pub def write_bar(a: address, b: address, value: u256):
  │                                                      ^^^^ attributes hash: 17942395924573474124
  │
  = Base(
        Numeric(
            U256,
        ),
    )

note: 
   ┌─ features/nested_map.fe:11:25
   │
11 │     pub def read_baz(a: address, b: u256) -> bool:
   │                         ^^^^^^^ attributes hash: 574436082528610497
   │
   = Base(
         Address,
     )

note: 
   ┌─ features/nested_map.fe:11:37
   │
11 │     pub def read_baz(a: address, b: u256) -> bool:
   │                                     ^^^^ attributes hash: 17942395924573474124
   │
   = Base(
         Numeric(
             U256,
         ),
     )

note: 
   ┌─ features/nested_map.fe:11:46
   │
11 │     pub def read_baz(a: address, b: u256) -> bool:
   │                                              ^^^^ attributes hash: 8311861578736502650
   │
   = Base(
         Bool,
     )

note: 
   ┌─ features/nested_map.fe:14:26
   │
14 │     pub def write_baz(a: address, b: u256, value: bool):
   │                          ^^^^^^^ attributes hash: 574436082528610497
   │
   = Base(
         Address,
     )

note: 
   ┌─ features/nested_map.fe:14:38
   │
14 │     pub def write_baz(a: address, b: u256, value: bool):
   │                                      ^^^^ attributes hash: 17942395924573474124
   │
   = Base(
         Numeric(
             U256,
         ),
     )

note: 
   ┌─ features/nested_map.fe:14:51
   │
14 │     pub def write_baz(a: address, b: u256, value: bool):
   │                                                   ^^^^ attributes hash: 8311861578736502650
   │
   = Base(
         Bool,
     )

note: 
  ┌─ features/nested_map.fe:2:14
  │
2 │     bar: Map<address, Map<address, u256>>
  │              ^^^^^^^ attributes hash: 574436082528610497
  │
  = Base(
        Address,
    )

note: 
  ┌─ features/nested_map.fe:2:27
  │
2 │     bar: Map<address, Map<address, u256>>
  │                           ^^^^^^^ attributes hash: 574436082528610497
  │
  = Base(
        Address,
    )

note: 
  ┌─ features/nested_map.fe:2:36
  │
2 │     bar: Map<address, Map<address, u256>>
  │                                    ^^^^ attributes hash: 17942395924573474124
  │
  = Base(
        Numeric(
            U256,
        ),
    )

note: 
  ┌─ features/nested_map.fe:2:23
  │
2 │     bar: Map<address, Map<address, u256>>
  │                       ^^^^^^^^^^^^^^^^^^ attributes hash: 6830914040603267556
  │
  = Map(
        Map {
            key: Address,
            value: Base(
                Numeric(
                    U256,
                ),
            ),
        },
    )

note: 
  ┌─ features/nested_map.fe:2:10
  │
2 │     bar: Map<address, Map<address, u256>>
  │          ^^^^^^^^^^^^^^^^^^^^^^^^^^^^^^^^ attributes hash: 652293232820874660
  │
  = Map(
        Map {
            key: Address,
            value: Map(
                Map {
                    key: Address,
                    value: Base(
                        Numeric(
                            U256,
                        ),
                    ),
                },
            ),
        },
    )

note: 
  ┌─ features/nested_map.fe:3:14
  │
3 │     baz: Map<address, Map<u256, bool>>
  │              ^^^^^^^ attributes hash: 574436082528610497
  │
  = Base(
        Address,
    )

note: 
  ┌─ features/nested_map.fe:3:27
  │
3 │     baz: Map<address, Map<u256, bool>>
  │                           ^^^^ attributes hash: 17942395924573474124
  │
  = Base(
        Numeric(
            U256,
        ),
    )

note: 
  ┌─ features/nested_map.fe:3:33
  │
3 │     baz: Map<address, Map<u256, bool>>
  │                                 ^^^^ attributes hash: 8311861578736502650
  │
  = Base(
        Bool,
    )

note: 
  ┌─ features/nested_map.fe:3:23
  │
3 │     baz: Map<address, Map<u256, bool>>
  │                       ^^^^^^^^^^^^^^^ attributes hash: 8612757038189634989
  │
  = Map(
        Map {
            key: Numeric(
                U256,
            ),
            value: Base(
                Bool,
            ),
        },
    )

note: 
  ┌─ features/nested_map.fe:3:10
  │
3 │     baz: Map<address, Map<u256, bool>>
  │          ^^^^^^^^^^^^^^^^^^^^^^^^^^^^^ attributes hash: 12802517836116757582
  │
  = Map(
        Map {
            key: Address,
            value: Map(
                Map {
                    key: Numeric(
                        U256,
                    ),
                    value: Base(
                        Bool,
                    ),
                },
            ),
        },
    )


